\BOOKMARK [1][-]{section.1}{\376\377\000I\000n\000t\000r\000o\000d\000u\000c\000t\000i\000o\000n}{}% 1
\BOOKMARK [2][-]{subsection.1.1}{\376\377\000W\000h\000y\000\040\000`\000`\000E\000m\000e\000r\000g\000i\000n\000g\000'\000'\000?}{section.1}% 2
\BOOKMARK [1][-]{section.2}{\376\377\000P\000r\000i\000n\000c\000i\000p\000l\000e\000\040\0001\000:\000\040\000E\000m\000e\000r\000g\000e\000n\000t\000\040\000O\000n\000t\000o\000l\000o\000g\000y}{}% 3
\BOOKMARK [2][-]{subsection.2.1}{\376\377\000T\000h\000e\000\040\000C\000l\000a\000s\000s\000i\000c\000a\000l\000\040\000A\000p\000p\000r\000o\000a\000c\000h\000:\000\040\000P\000r\000e\000d\000e\000f\000i\000n\000e\000d\000\040\000O\000n\000t\000o\000l\000o\000g\000y}{section.2}% 4
\BOOKMARK [2][-]{subsection.2.2}{\376\377\000T\000h\000e\000\040\000E\000W\000M\000\040\000A\000p\000p\000r\000o\000a\000c\000h\000:\000\040\000M\000e\000a\000s\000u\000r\000e\000m\000e\000n\000t\000\040\000a\000s\000\040\000O\000n\000t\000o\000g\000e\000n\000e\000s\000i\000s}{section.2}% 5
\BOOKMARK [2][-]{subsection.2.3}{\376\377\000F\000o\000r\000m\000a\000l\000i\000z\000a\000t\000i\000o\000n}{section.2}% 6
\BOOKMARK [2][-]{subsection.2.4}{\376\377\000H\000L\000L\000S\000e\000t\000\040\000I\000n\000s\000t\000a\000n\000t\000i\000a\000t\000i\000o\000n}{section.2}% 7
\BOOKMARK [1][-]{section.3}{\376\377\000P\000r\000i\000n\000c\000i\000p\000l\000e\000\040\0002\000:\000\040\000I\000I\000C\000A\000\040\000M\000o\000r\000p\000h\000i\000s\000m\000s\000\040\000a\000s\000\040\000R\000e\000l\000a\000t\000i\000o\000n\000a\000l\000\040\000F\000o\000u\000n\000d\000a\000t\000i\000o\000n}{}% 8
\BOOKMARK [2][-]{subsection.3.1}{\376\377\000T\000h\000e\000\040\000T\000h\000r\000e\000e\000\040\000P\000r\000o\000p\000e\000r\000t\000i\000e\000s}{section.3}% 9
\BOOKMARK [2][-]{subsection.3.2}{\376\377\000T\000h\000e\000\040\000C\000o\000m\000p\000o\000s\000i\000t\000i\000o\000n\000\040\000T\000h\000e\000o\000r\000e\000m}{section.3}% 10
\BOOKMARK [2][-]{subsection.3.3}{\376\377\000T\000h\000e\000\040\000I\000I\000C\000A\000\040\000P\000i\000p\000e\000l\000i\000n\000e}{section.3}% 11
\BOOKMARK [2][-]{subsection.3.4}{\376\377\000R\000-\000L\000i\000n\000k\000s\000:\000\040\000I\000I\000C\000A\000\040\000M\000o\000r\000p\000h\000i\000s\000m\000s\000\040\000a\000s\000\040\000O\000b\000j\000e\000c\000t\000s}{section.3}% 12
\BOOKMARK [1][-]{section.4}{\376\377\000P\000r\000i\000n\000c\000i\000p\000l\000e\000\040\0003\000:\000\040\000T\000h\000e\000\040\000A\000s\000h\000b\000y\040\023\000B\000o\000o\000t\000s\000t\000r\000a\000p\000\040\000C\000o\000r\000r\000e\000s\000p\000o\000n\000d\000e\000n\000c\000e}{}% 13
\BOOKMARK [2][-]{subsection.4.1}{\376\377\000A\000s\000h\000b\000y\000'\000s\000\040\000L\000a\000w\000\040\000a\000n\000d\000\040\000t\000h\000e\000\040\000C\000a\000r\000d\000i\000n\000a\000l\000i\000t\000y\000\040\000P\000r\000o\000b\000l\000e\000m}{section.4}% 14
\BOOKMARK [2][-]{subsection.4.2}{\376\377\000B\000o\000o\000t\000s\000t\000r\000a\000p\000\040\000P\000e\000r\000m\000u\000t\000a\000t\000i\000o\000n}{section.4}% 15
\BOOKMARK [2][-]{subsection.4.3}{\376\377\000n\000-\000G\000r\000a\000m\000s\000\040\000a\000s\000\040\000B\000o\000o\000t\000s\000t\000r\000a\000p}{section.4}% 16
\BOOKMARK [2][-]{subsection.4.4}{\376\377\000G\000e\000n\000e\000r\000a\000l\000\040\000B\000o\000o\000t\000s\000t\000r\000a\000p\000\040\000F\000a\000m\000i\000l\000i\000e\000s}{section.4}% 17
\BOOKMARK [1][-]{section.5}{\376\377\000P\000r\000i\000n\000c\000i\000p\000l\000e\000\040\0004\000:\000\040\000N\000o\000e\000t\000h\000e\000r\000'\000s\000\040\000T\000h\000e\000o\000r\000e\000m\000\040\000a\000s\000\040\000E\000W\000M\000\040\000E\000v\000o\000l\000u\000t\000i\000o\000n\000\040\000L\000a\000w}{}% 18
\BOOKMARK [2][-]{subsection.5.1}{\376\377\000F\000r\000o\000m\000\040\000P\000h\000y\000s\000i\000c\000s\000\040\000t\000o\000\040\000W\000o\000r\000l\000d\000\040\000M\000o\000d\000e\000l\000s}{section.5}% 19
\BOOKMARK [2][-]{subsection.5.2}{\376\377\000T\000h\000e\000\040\000T\000e\000m\000p\000o\000r\000a\000l\000\040\000P\000y\000r\000a\000m\000i\000d\000\040\000a\000n\000d\000\040\000[\000U\000M\000]\000-\000N\000e\000t\000\040\000C\000y\000c\000l\000e\000s}{section.5}% 20
\BOOKMARK [2][-]{subsection.5.3}{\376\377\000T\000h\000e\000\040\000U\000n\000i\000o\000n\000\040\000I\000n\000v\000a\000r\000i\000a\000n\000t}{section.5}% 21
\BOOKMARK [2][-]{subsection.5.4}{\376\377\000T\000h\000e\000\040\000D\000R\000N\000\040\000C\000o\000n\000s\000e\000r\000v\000a\000t\000i\000o\000n\000\040\000L\000a\000w}{section.5}% 22
\BOOKMARK [2][-]{subsection.5.5}{\376\377\000T\000h\000e\000\040\000L\000i\000e\000-\000G\000r\000o\000u\000p\000\040\000R\000e\000a\000d\000i\000n\000g\000\040\000o\000f\000\040\000t\000h\000e\000\040\000D\000R\000N\000\040\000D\000e\000c\000o\000m\000p\000o\000s\000i\000t\000i\000o\000n}{section.5}% 23
\BOOKMARK [2][-]{subsection.5.6}{\376\377\000T\000h\000e\000\040\000H\000o\000l\000o\000g\000r\000a\000p\000h\000i\000c\000\040\000P\000r\000o\000p\000e\000r\000t\000y\000\040\000a\000s\000\040\000N\000o\000e\000t\000h\000e\000r\000\040\000C\000o\000n\000s\000e\000q\000u\000e\000n\000c\000e}{section.5}% 24
\BOOKMARK [2][-]{subsection.5.7}{\376\377\000T\000h\000e\000\040\000F\000i\000s\000h\000e\000r\000\040\000M\000a\000t\000r\000i\000x\000\040\000a\000s\000\040\000S\000t\000r\000u\000c\000t\000u\000r\000a\000l\000\040\000D\000e\000r\000i\000v\000a\000t\000i\000v\000e}{section.5}% 25
\BOOKMARK [2][-]{subsection.5.8}{\376\377\000N\000o\000e\000t\000h\000e\000r\000\040\000C\000o\000n\000t\000r\000o\000l\000l\000e\000r}{section.5}% 26
\BOOKMARK [2][-]{subsection.5.9}{\376\377\000N\000-\000S\000t\000e\000e\000r\000i\000n\000g\000:\000\040\000N\000o\000v\000e\000l\000t\000y\000\040\000a\000s\000\040\000C\000o\000n\000t\000r\000o\000l\000\040\000I\000n\000p\000u\000t}{section.5}% 27
\BOOKMARK [2][-]{subsection.5.10}{\376\377\000N\000o\000e\000t\000h\000e\000r\000\040\000S\000t\000e\000e\000r\000i\000n\000g\000\040\000V\000a\000l\000i\000d\000a\000t\000i\000o\000n\000:\000\040\000T\000h\000e\000\040\000M\000e\000a\000s\000u\000r\000e\000m\000e\000n\000t\000\040\000H\000i\000e\000r\000a\000r\000c\000h\000y}{section.5}% 28
\BOOKMARK [1][-]{section.6}{\376\377\000H\000L\000L\000S\000e\000t\000\040\000A\000l\000g\000e\000b\000r\000a\000:\000\040\000C\000o\000n\000c\000r\000e\000t\000e\000\040\000I\000n\000s\000t\000a\000n\000t\000i\000a\000t\000i\000o\000n}{}% 29
\BOOKMARK [2][-]{subsection.6.1}{\376\377\000T\000h\000e\000\040\000P\000a\000t\000c\000h\000\040\000S\000p\000a\000c\000e\000\040\000a\000s\000\040\000M\000e\000a\000s\000u\000r\000e\000m\000e\000n\000t\000\040\000S\000i\000t\000e}{section.6}% 30
\BOOKMARK [2][-]{subsection.6.2}{\376\377\000T\000h\000e\000\040\000T\000e\000m\000p\000o\000r\000a\000l\000\040\000P\000y\000r\000a\000m\000i\000d\000\040\000a\000s\000\040\000N\000o\000e\000t\000h\000e\000r\000\040\000S\000t\000r\000u\000c\000t\000u\000r\000e}{section.6}% 31
\BOOKMARK [2][-]{subsection.6.3}{\376\377\000n\000-\000G\000r\000a\000m\000s\000\040\000a\000s\000\040\000B\000o\000o\000t\000s\000t\000r\000a\000p}{section.6}% 32
\BOOKMARK [2][-]{subsection.6.4}{\376\377\000O\000r\000t\000h\000o\000g\000o\000n\000a\000l\000\040\000C\000h\000a\000n\000n\000e\000l\000\040\000D\000e\000c\000o\000m\000p\000o\000s\000i\000t\000i\000o\000n\000\040\000a\000n\000d\000\040\000E\000r\000r\000o\000r\000\040\000N\000a\000r\000r\000o\000w\000i\000n\000g}{section.6}% 33
\BOOKMARK [3][-]{subsubsection.6.4.1}{\376\377\000E\000r\000r\000o\000r\000\040\000N\000a\000r\000r\000o\000w\000i\000n\000g}{subsection.6.4}% 34
\BOOKMARK [3][-]{subsubsection.6.4.2}{\376\377\000M\000a\000t\000e\000r\000i\000a\000l\000i\000z\000a\000t\000i\000o\000n\000\040\000a\000s\000\040\000L\000o\000c\000a\000l\000\040\000R\000e\000p\000a\000i\000r}{subsection.6.4}% 35
\BOOKMARK [2][-]{subsection.6.5}{\376\377\000R\000a\000n\000k\000\040\000A\000l\000g\000e\000b\000r\000a\000\040\000a\000s\000\040\000L\000e\000a\000r\000n\000i\000n\000g}{section.6}% 36
\BOOKMARK [3][-]{subsubsection.6.5.1}{\376\377\000T\000F\000\040\000v\000s\000.\000\040\000R\000a\000n\000k\000:\000\040\000T\000h\000e\000\040\000F\000u\000n\000d\000a\000m\000e\000n\000t\000a\000l\000\040\000S\000e\000p\000a\000r\000a\000t\000i\000o\000n}{subsection.6.5}% 37
\BOOKMARK [3][-]{subsubsection.6.5.2}{\376\377\000T\000h\000e\000\040\000F\000o\000r\000t\000h\000\040\000D\000i\000c\000t\000i\000o\000n\000a\000r\000y\000\040\000a\000s\000\040\000L\000e\000a\000r\000n\000i\000n\000g\000\040\000E\000n\000g\000i\000n\000e}{subsection.6.5}% 38
\BOOKMARK [3][-]{subsubsection.6.5.3}{\376\377\000F\000i\000v\000e\000-\000L\000e\000v\000e\000l\000\040\000R\000a\000n\000k\000\040\000P\000r\000o\000p\000a\000g\000a\000t\000i\000o\000n}{subsection.6.5}% 39
\BOOKMARK [1][-]{section.7}{\376\377\000T\000o\000w\000a\000r\000d\000\040\000G\000r\000o\000t\000h\000e\000n\000d\000i\000e\000c\000k\000\040\000T\000o\000p\000o\000l\000o\000g\000y}{}% 40
\BOOKMARK [2][-]{subsection.7.1}{\376\377\000T\000h\000e\000\040\000S\000i\000t\000e\000:\000\040\000A\000\040\000C\000a\000t\000e\000g\000o\000r\000y\000\040\000o\000f\000\040\000P\000a\000t\000c\000h\000e\000s}{section.7}% 41
\BOOKMARK [2][-]{subsection.7.2}{\376\377\000C\000o\000v\000e\000r\000a\000g\000e\000s\000\040\000a\000n\000d\000\040\000t\000h\000e\000\040\000G\000l\000u\000i\000n\000g\000\040\000C\000o\000n\000d\000i\000t\000i\000o\000n}{section.7}% 42
\BOOKMARK [2][-]{subsection.7.3}{\376\377\000G\000e\000o\000m\000e\000t\000r\000i\000c\000\040\000M\000o\000r\000p\000h\000i\000s\000m\000s\000\040\000a\000s\000\040\000U\000n\000i\000v\000e\000r\000s\000a\000l\000\040\000B\000r\000i\000d\000g\000e\000s}{section.7}% 43
\BOOKMARK [2][-]{subsection.7.4}{\376\377\000T\000h\000e\000\040\000S\000u\000b\000o\000b\000j\000e\000c\000t\000\040\000C\000l\000a\000s\000s\000i\000f\000i\000e\000r\000\040\000a\000n\000d\000\040\000R\000-\000L\000i\000n\000k\000s}{section.7}% 44
\BOOKMARK [2][-]{subsection.7.5}{\376\377\000W\000h\000a\000t\000\040\000t\000h\000e\000\040\000G\000r\000o\000t\000h\000e\000n\000d\000i\000e\000c\000k\000\040\000T\000a\000r\000g\000e\000t\000\040\000G\000i\000v\000e\000s\000\040\000U\000s}{section.7}% 45
\BOOKMARK [1][-]{section.8}{\376\377\000D\000i\000s\000c\000u\000s\000s\000i\000o\000n}{}% 46
\BOOKMARK [2][-]{subsection.8.1}{\376\377\000U\000n\000i\000f\000i\000c\000a\000t\000i\000o\000n}{section.8}% 47
\BOOKMARK [2][-]{subsection.8.2}{\376\377\000W\000h\000a\000t\000\040\000E\000W\000M\000\040\000I\000s\000\040\000N\000o\000t}{section.8}% 48
\BOOKMARK [2][-]{subsection.8.3}{\376\377\000O\000p\000e\000n\000\040\000Q\000u\000e\000s\000t\000i\000o\000n\000s}{section.8}% 49
\BOOKMARK [2][-]{subsection.8.4}{\376\377\000T\000h\000e\000\040\000R\000o\000a\000d\000\040\000A\000h\000e\000a\000d}{section.8}% 50
\BOOKMARK [1][-]{appendix.A}{\376\377\000U\000n\000c\000e\000r\000t\000a\000i\000n\000t\000y\000\040\000R\000e\000d\000u\000c\000t\000i\000o\000n\000\040\000a\000s\000\040\000a\000\040\000P\000r\000i\000m\000a\000r\000y\000\040\000R\000e\000i\000n\000f\000o\000r\000c\000e\000r\000\040\000i\000n\000\040\000E\000m\000e\000r\000g\000i\000n\000g\000\040\000W\000o\000r\000l\000d\000\040\000M\000o\000d\000e\000l\000s}{}% 51
\BOOKMARK [2][-]{subsection.A.1}{\376\377\000T\000h\000e\000\040\000L\000i\000n\000c\000o\000l\000n\000\040\000B\000l\000u\000e\000p\000r\000i\000n\000t\000:\000\040\000T\000h\000r\000e\000e\000\040\000T\000i\000e\000r\000s\000\040\000o\000f\000\040\000P\000r\000e\000d\000i\000c\000t\000i\000o\000n\000\040\000E\000r\000r\000o\000r\000\040\000P\000r\000o\000c\000e\000s\000s\000i\000n\000g}{appendix.A}% 52
\BOOKMARK [2][-]{subsection.A.2}{\376\377\000P\000e\000r\000c\000e\000p\000t\000r\000o\000n\000\040\000T\000a\000x\000o\000n\000o\000m\000y\000:\000\040\000F\000u\000n\000c\000t\000i\000o\000n\000a\000l\000\040\000T\000i\000e\000r\000s\000\040\000i\000n\000\040\000E\000W\000M}{appendix.A}% 53
\BOOKMARK [3][-]{subsubsection.A.2.1}{\376\377\000T\000y\000p\000e\000\040\0000\000:\000\040\000S\000u\000b\000s\000t\000r\000a\000t\000e\000\040\000P\000e\000r\000c\000e\000p\000t\000r\000o\000n\000s\000\040\000\050\000M\000e\000a\000s\000u\000r\000e\000m\000e\000n\000t\000\040\000C\000o\000r\000e\000\051}{subsection.A.2}% 54
\BOOKMARK [3][-]{subsubsection.A.2.2}{\376\377\000T\000y\000p\000e\000\040\0001\000:\000\040\000F\000o\000r\000w\000a\000r\000d\000\040\000M\000o\000d\000e\000l\000\040\000P\000e\000r\000c\000e\000p\000t\000r\000o\000n\000s\000\040\000\050\000B\000o\000o\000t\000s\000t\000r\000a\000p\000\040\000P\000i\000p\000e\000l\000i\000n\000e\000\051}{subsection.A.2}% 55
\BOOKMARK [3][-]{subsubsection.A.2.3}{\376\377\000T\000y\000p\000e\000\040\0002\000:\000\040\000E\000x\000e\000c\000u\000t\000i\000v\000e\000\040\000P\000e\000r\000c\000e\000p\000t\000r\000o\000n\000s\000\040\000\050\000R\000a\000n\000k\000\040\000D\000i\000c\000t\000i\000o\000n\000a\000r\000y\000\040\000a\000n\000d\000\040\000N\000o\000e\000t\000h\000e\000r\000\040\000C\000o\000n\000t\000r\000o\000l\000l\000e\000r\000\051}{subsection.A.2}% 56
\BOOKMARK [2][-]{subsection.A.3}{\376\377\000C\000o\000n\000t\000e\000n\000t\000-\000I\000n\000d\000e\000p\000e\000n\000d\000e\000n\000c\000e\000\040\000a\000n\000d\000\040\000t\000h\000e\000\040\000I\000I\000C\000A\000\040\000C\000o\000r\000r\000e\000s\000p\000o\000n\000d\000e\000n\000c\000e}{appendix.A}% 57
\BOOKMARK [2][-]{subsection.A.4}{\376\377\000U\000n\000c\000e\000r\000t\000a\000i\000n\000t\000y\000\040\000R\000e\000d\000u\000c\000t\000i\000o\000n\000\040\000a\000s\000\040\000I\000n\000t\000r\000i\000n\000s\000i\000c\000\040\000R\000e\000w\000a\000r\000d}{appendix.A}% 58
\BOOKMARK [3][-]{subsubsection.A.4.1}{\376\377\000T\000h\000e\000\040\000D\000R\000N\000\040\000D\000e\000c\000o\000m\000p\000o\000s\000i\000t\000i\000o\000n\000\040\000a\000s\000\040\000P\000r\000e\000d\000i\000c\000t\000i\000o\000n\000\040\000E\000r\000r\000o\000r\000\040\000S\000i\000g\000n\000a\000l}{subsection.A.4}% 59
\BOOKMARK [3][-]{subsubsection.A.4.2}{\376\377\000D\000i\000r\000e\000c\000t\000e\000d\000\040\000B\000S\000S\000\040\000a\000n\000d\000\040\000t\000h\000e\000\040\000O\000p\000p\000o\000n\000e\000n\000t\000-\000P\000r\000o\000c\000e\000s\000s\000\040\000C\000o\000r\000r\000e\000s\000p\000o\000n\000d\000e\000n\000c\000e}{subsection.A.4}% 60
\BOOKMARK [3][-]{subsubsection.A.4.3}{\376\377\000T\000h\000e\000\040\000M\000a\000t\000c\000h\000i\000n\000g\000\040\000L\000a\000w\000\040\000i\000n\000\040\000t\000h\000e\000\040\000E\000W\000M\000\040\000L\000a\000t\000t\000i\000c\000e}{subsection.A.4}% 61
\BOOKMARK [2][-]{subsection.A.5}{\376\377\000P\000h\000y\000l\000o\000g\000e\000n\000e\000t\000i\000c\000\040\000P\000a\000r\000a\000l\000l\000e\000l\000:\000\040\000E\000W\000M\000'\000s\000\040\000E\000v\000o\000l\000u\000t\000i\000o\000n\000a\000r\000y\000\040\000A\000r\000c\000h\000i\000t\000e\000c\000t\000u\000r\000e}{appendix.A}% 62
\BOOKMARK [2][-]{subsection.A.6}{\376\377\000I\000m\000p\000l\000i\000c\000a\000t\000i\000o\000n\000s\000\040\000f\000o\000r\000\040\000A\000u\000t\000o\000n\000o\000m\000o\000u\000s\000\040\000E\000W\000M\000\040\000A\000g\000e\000n\000t\000s}{appendix.A}% 63
\BOOKMARK [1][-]{appendix.B}{\376\377\000d\000s\000-\000h\000l\000l\000s\000e\000t\000-\000c\000o\000r\000t\000e\000x\000:\000\040\000P\000e\000r\000c\000e\000p\000t\000r\000o\000n\000\040\000T\000a\000x\000o\000n\000o\000m\000y\000\040\000i\000n\000\040\000P\000r\000a\000c\000t\000i\000c\000e}{}% 64
\BOOKMARK [2][-]{subsection.B.1}{\376\377\000T\000h\000e\000\040\000d\000s\000-\000h\000l\000l\000s\000e\000t\000-\000c\000o\000r\000t\000e\000x\000\040\000P\000i\000p\000e\000l\000i\000n\000e}{appendix.B}% 65
\BOOKMARK [2][-]{subsection.B.2}{\376\377\000P\000e\000r\000c\000e\000p\000t\000r\000o\000n\000\040\000M\000a\000p\000p\000i\000n\000g\000:\000\040\000F\000r\000o\000m\000\040\000T\000h\000e\000o\000r\000y\000\040\000t\000o\000\040\000I\000m\000p\000l\000e\000m\000e\000n\000t\000a\000t\000i\000o\000n}{appendix.B}% 66
\BOOKMARK [3][-]{subsubsection.B.2.1}{\376\377\000S\000t\000a\000g\000e\000\040\0001\040\023\0003\000:\000\040\000T\000h\000e\000\040\000d\000s\000-\000E\000n\000c\000o\000d\000e\000r\000\040\000a\000s\000\040\000T\000y\000p\000e\000\040\0000\000\040\000\050\000S\000u\000b\000s\000t\000r\000a\000t\000e\000\051\000\040\000P\000e\000r\000c\000e\000p\000t\000r\000o\000n}{subsection.B.2}% 67
\BOOKMARK [3][-]{subsubsection.B.2.2}{\376\377\000S\000t\000a\000g\000e\000\040\0004\040\023\0006\000:\000\040\000T\000h\000e\000\040\000I\000n\000g\000e\000s\000t\000o\000r\000\040\000a\000s\000\040\000T\000y\000p\000e\000\040\0001\000\040\000\050\000F\000o\000r\000w\000a\000r\000d\000\040\000M\000o\000d\000e\000l\000\051\000\040\000P\000e\000r\000c\000e\000p\000t\000r\000o\000n}{subsection.B.2}% 68
\BOOKMARK [3][-]{subsubsection.B.2.3}{\376\377\000S\000t\000a\000g\000e\000\040\0007\040\023\0008\000:\000\040\000M\000a\000t\000e\000r\000i\000a\000l\000i\000z\000e\000r\000\040\000+\000\040\000d\000s\000-\000D\000e\000c\000o\000d\000e\000r\000\040\000a\000s\000\040\000T\000y\000p\000e\000\040\0002\000\040\000\050\000E\000x\000e\000c\000u\000t\000i\000v\000e\000\051\000\040\000P\000e\000r\000c\000e\000p\000t\000r\000o\000n}{subsection.B.2}% 69
\BOOKMARK [2][-]{subsection.B.3}{\376\377\000T\000h\000e\000\040\000G\000a\000t\000e\000\040\000a\000s\000\040\000W\000o\000r\000l\000d\000\040\000V\000i\000e\000w\000:\000\040\000V\000o\000c\000a\000b\000u\000l\000a\000r\000y\000,\000\040\000B\000e\000l\000i\000e\000f\000,\000\040\000a\000n\000d\000\040\000t\000h\000e\000\040\000C\000o\000r\000t\000i\000c\000a\000l\000\040\000B\000r\000a\000k\000e}{appendix.B}% 70
\BOOKMARK [2][-]{subsection.B.4}{\376\377\000L\000a\000t\000e\000n\000t\000\040\000V\000o\000c\000a\000b\000u\000l\000a\000r\000y\000\040\000a\000n\000d\000\040\000B\000e\000l\000i\000e\000f\000\040\000R\000e\000v\000i\000s\000i\000o\000n\000\040\000D\000y\000n\000a\000m\000i\000c\000s}{appendix.B}% 71
\BOOKMARK [2][-]{subsection.B.5}{\376\377\000D\000o\000m\000a\000i\000n\000-\000S\000p\000e\000c\000i\000a\000l\000i\000z\000e\000d\000\040\000W\000o\000r\000l\000d\000\040\000V\000i\000e\000w\000s}{appendix.B}% 72
\BOOKMARK [2][-]{subsection.B.6}{\376\377\000S\000e\000l\000f\000-\000I\000n\000g\000e\000s\000t\000i\000o\000n\000\040\000a\000n\000d\000\040\000t\000h\000e\000\040\000E\000m\000e\000r\000g\000e\000n\000c\000e\000\040\000o\000f\000\040\000M\000e\000t\000a\000c\000o\000g\000n\000i\000t\000i\000o\000n}{appendix.B}% 73
\BOOKMARK [2][-]{subsection.B.7}{\376\377\000S\000t\000r\000u\000c\000t\000u\000r\000a\000l\000\040\000L\000e\000a\000r\000n\000i\000n\000g\000\040\000a\000s\000\040\000T\000h\000r\000e\000s\000h\000o\000l\000d\000\040\000T\000u\000n\000i\000n\000g}{appendix.B}% 74
\BOOKMARK [3][-]{subsubsection.B.7.1}{\376\377\000T\000h\000e\000\040\000T\000w\000o\000\040\000T\000h\000r\000e\000s\000h\000o\000l\000d\000s}{subsection.B.7}% 75
\BOOKMARK [3][-]{subsubsection.B.7.2}{\376\377\000T\000h\000r\000e\000s\000h\000o\000l\000d\000\040\000T\000u\000n\000i\000n\000g\000\040\000a\000s\000\040\000t\000h\000e\000\040\000C\000o\000r\000t\000i\000c\000a\000l\000\040\000B\000r\000a\000k\000e\000\040\000i\000n\000\040\000O\000p\000e\000r\000a\000t\000i\000o\000n}{subsection.B.7}% 76
\BOOKMARK [3][-]{subsubsection.B.7.3}{\376\377\000T\000h\000e\000\040\000M\000a\000t\000c\000h\000i\000n\000g\000\040\000L\000a\000w\000\040\000R\000e\000v\000i\000s\000i\000t\000e\000d\000:\000\040\000A\000t\000t\000e\000n\000t\000i\000o\000n\000\040\000a\000s\000\040\000I\000n\000c\000l\000u\000s\000i\000o\000n}{subsection.B.7}% 77
\BOOKMARK [3][-]{subsubsection.B.7.4}{\376\377\000E\000x\000c\000l\000u\000s\000i\000o\000n\000\040\000W\000i\000t\000h\000o\000u\000t\000\040\000E\000r\000a\000s\000u\000r\000e}{subsection.B.7}% 78
